<table><row><Available>8133736</Available><Used>0</Used><_1K_blocks>8133736</_1K_blocks><Mounted_on>/dev</Mounted_on><Filesystem>udev</Filesystem><Use_>0%</Use_></row><row><Available>1629424</Available><Used>2156</Used><_1K_blocks>1631580</_1K_blocks><Mounted_on>/run</Mounted_on><Filesystem>tmpfs</Filesystem><Use_>1%</Use_></row><row><Available>145185244</Available><Used>78900724</Used><_1K_blocks>236102400</_1K_blocks><Mounted_on>/</Mounted_on><Filesystem>/dev/sdb2</Filesystem><Use_>36%</Use_></row><row><Available>7987532</Available><Used>170352</Used><_1K_blocks>8157884</_1K_blocks><Mounted_on>/dev/shm</Mounted_on><Filesystem>tmpfs</Filesystem><Use_>3%</Use_></row><row><Available>5116</Available><Used>4</Used><_1K_blocks>5120</_1K_blocks><Mounted_on>/run/lock</Mounted_on><Filesystem>tmpfs</Filesystem><Use_>1%</Use_></row><row><Available>8157884</Available><Used>0</Used><_1K_blocks>8157884</_1K_blocks><Mounted_on>/sys/fs/cgroup</Mounted_on><Filesystem>tmpfs</Filesystem><Use_>0%</Use_></row><row><Available>0</Available><Used>304256</Used><_1K_blocks>304256</_1K_blocks><Mounted_on>/snap/pycharm-community/128</Mounted_on><Filesystem>/dev/loop0</Filesystem><Use_>100%</Use_></row><row><Available>0</Available><Used>304256</Used><_1K_blocks>304256</_1K_blocks><Mounted_on>/snap/pycharm-community/132</Mounted_on><Filesystem>/dev/loop1</Filesystem><Use_>100%</Use_></row><row><Available>0</Available><Used>8704</Used><_1K_blocks>8704</_1K_blocks><Mounted_on>/snap/canonical-livepatch/77</Mounted_on><Filesystem>/dev/loop2</Filesystem><Use_>100%</Use_></row><row><Available>0</Available><Used>147840</Used><_1K_blocks>147840</_1K_blocks><Mounted_on>/snap/skype/63</Mounted_on><Filesystem>/dev/loop3</Filesystem><Use_>100%</Use_></row><row><Available>0</Available><Used>150912</Used><_1K_blocks>150912</_1K_blocks><Mounted_on>/snap/skype/66</Mounted_on><Filesystem>/dev/loop4</Filesystem><Use_>100%</Use_></row><row><Available>0</Available><Used>90624</Used><_1K_blocks>90624</_1K_blocks><Mounted_on>/snap/core/7270</Mounted_on><Filesystem>/dev/loop5</Filesystem><Use_>100%</Use_></row><row><Available>0</Available><Used>145280</Used><_1K_blocks>145280</_1K_blocks><Mounted_on>/snap/skype/60</Mounted_on><Filesystem>/dev/loop6</Filesystem><Use_>100%</Use_></row><row><Available>0</Available><Used>8704</Used><_1K_blocks>8704</_1K_blocks><Mounted_on>/snap/canonical-livepatch/81</Mounted_on><Filesystem>/dev/loop8</Filesystem><Use_>100%</Use_></row><row><Available>0</Available><Used>90624</Used><_1K_blocks>90624</_1K_blocks><Mounted_on>/snap/core/7169</Mounted_on><Filesystem>/dev/loop7</Filesystem><Use_>100%</Use_></row><row><Available>1833563952</Available><Used>89147392</Used><_1K_blocks>1922727728</_1K_blocks><Mounted_on>/media/mrbruno/ExtraDrive1</Mounted_on><Filesystem>/dev/sda1</Filesystem><Use_>5%</Use_></row><row><Available>1631560</Available><Used>16</Used><_1K_blocks>1631576</_1K_blocks><Mounted_on>/run/user/125</Mounted_on><Filesystem>tmpfs</Filesystem><Use_>1%</Use_></row><row><Available>1631516</Available><Used>60</Used><_1K_blocks>1631576</_1K_blocks><Mounted_on>/run/user/1000</Mounted_on><Filesystem>tmpfs</Filesystem><Use_>1%</Use_></row></table>
