<table><row><col00000005>Mounted on</col00000005><col00000004>Use%</col00000004><col00000001>1K-blocks</col00000001><col00000000>Filesystem</col00000000><col00000003>Available</col00000003><col00000002>Used</col00000002></row><row><col00000005>/dev</col00000005><col00000004>0%</col00000004><col00000001>8133736</col00000001><col00000000>udev</col00000000><col00000003>8133736</col00000003><col00000002>0</col00000002></row><row><col00000005>/run</col00000005><col00000004>1%</col00000004><col00000001>1631580</col00000001><col00000000>tmpfs</col00000000><col00000003>1629424</col00000003><col00000002>2156</col00000002></row><row><col00000005>/</col00000005><col00000004>36%</col00000004><col00000001>236102400</col00000001><col00000000>/dev/sdb2</col00000000><col00000003>145185244</col00000003><col00000002>78900724</col00000002></row><row><col00000005>/dev/shm</col00000005><col00000004>3%</col00000004><col00000001>8157884</col00000001><col00000000>tmpfs</col00000000><col00000003>7987532</col00000003><col00000002>170352</col00000002></row><row><col00000005>/run/lock</col00000005><col00000004>1%</col00000004><col00000001>5120</col00000001><col00000000>tmpfs</col00000000><col00000003>5116</col00000003><col00000002>4</col00000002></row><row><col00000005>/sys/fs/cgroup</col00000005><col00000004>0%</col00000004><col00000001>8157884</col00000001><col00000000>tmpfs</col00000000><col00000003>8157884</col00000003><col00000002>0</col00000002></row><row><col00000005>/snap/pycharm-community/128</col00000005><col00000004>100%</col00000004><col00000001>304256</col00000001><col00000000>/dev/loop0</col00000000><col00000003>0</col00000003><col00000002>304256</col00000002></row><row><col00000005>/snap/pycharm-community/132</col00000005><col00000004>100%</col00000004><col00000001>304256</col00000001><col00000000>/dev/loop1</col00000000><col00000003>0</col00000003><col00000002>304256</col00000002></row><row><col00000005>/snap/canonical-livepatch/77</col00000005><col00000004>100%</col00000004><col00000001>8704</col00000001><col00000000>/dev/loop2</col00000000><col00000003>0</col00000003><col00000002>8704</col00000002></row><row><col00000005>/snap/skype/63</col00000005><col00000004>100%</col00000004><col00000001>147840</col00000001><col00000000>/dev/loop3</col00000000><col00000003>0</col00000003><col00000002>147840</col00000002></row><row><col00000005>/snap/skype/66</col00000005><col00000004>100%</col00000004><col00000001>150912</col00000001><col00000000>/dev/loop4</col00000000><col00000003>0</col00000003><col00000002>150912</col00000002></row><row><col00000005>/snap/core/7270</col00000005><col00000004>100%</col00000004><col00000001>90624</col00000001><col00000000>/dev/loop5</col00000000><col00000003>0</col00000003><col00000002>90624</col00000002></row><row><col00000005>/snap/skype/60</col00000005><col00000004>100%</col00000004><col00000001>145280</col00000001><col00000000>/dev/loop6</col00000000><col00000003>0</col00000003><col00000002>145280</col00000002></row><row><col00000005>/snap/canonical-livepatch/81</col00000005><col00000004>100%</col00000004><col00000001>8704</col00000001><col00000000>/dev/loop8</col00000000><col00000003>0</col00000003><col00000002>8704</col00000002></row><row><col00000005>/snap/core/7169</col00000005><col00000004>100%</col00000004><col00000001>90624</col00000001><col00000000>/dev/loop7</col00000000><col00000003>0</col00000003><col00000002>90624</col00000002></row><row><col00000005>/media/mrbruno/ExtraDrive1</col00000005><col00000004>5%</col00000004><col00000001>1922727728</col00000001><col00000000>/dev/sda1</col00000000><col00000003>1833563952</col00000003><col00000002>89147392</col00000002></row><row><col00000005>/run/user/125</col00000005><col00000004>1%</col00000004><col00000001>1631576</col00000001><col00000000>tmpfs</col00000000><col00000003>1631560</col00000003><col00000002>16</col00000002></row><row><col00000005>/run/user/1000</col00000005><col00000004>1%</col00000004><col00000001>1631576</col00000001><col00000000>tmpfs</col00000000><col00000003>1631516</col00000003><col00000002>60</col00000002></row></table>
