<table><row><group>mrbruno</group><name>bin -&gt; toys/bin</name><perms>lrwxrwxrwx</perms><user>mrbruno</user><size>8</size><l>1</l><datetime>Jun 29 08:43</datetime></row><row><group>mrbruno</group><name>bruno -&gt; /home/mrbruno/extra/bruno</name><perms>lrwxrwxrwx</perms><user>mrbruno</user><size>25</size><l>1</l><datetime>Aug 11  2017</datetime></row><row><group>mrbruno</group><name>Desktop</name><perms>drwxr-xr-x</perms><user>mrbruno</user><size>4096</size><l>2</l><datetime>Jan 27  2018</datetime></row><row><group>mrbruno</group><name>Documents -&gt; /home/mrbruno/extra/Documents</name><perms>lrwxrwxrwx</perms><user>mrbruno</user><size>29</size><l>1</l><datetime>Aug  4  2017</datetime></row><row><group>mrbruno</group><name>downloads -&gt; Downloads</name><perms>lrwxrwxrwx</perms><user>mrbruno</user><size>9</size><l>1</l><datetime>Aug  4  2017</datetime></row><row><group>mrbruno</group><name>Downloads -&gt; /home/mrbruno/extra/Downloads</name><perms>lrwxrwxrwx</perms><user>mrbruno</user><size>29</size><l>1</l><datetime>Aug  4  2017</datetime></row><row><group>mrbruno</group><name>drive-download-20190614T205316Z-001</name><perms>drwxr-xr-x</perms><user>mrbruno</user><size>4096</size><l>2</l><datetime>Jun 14 16:56</datetime></row><row><group>mrbruno</group><name>examples.desktop</name><perms>-rw-r--r--</perms><user>mrbruno</user><size>8980</size><l>1</l><datetime>Aug  4  2017</datetime></row><row><group>mrbruno</group><name>extra -&gt; /media/mrbruno/ExtraDrive1</name><perms>lrwxrwxrwx</perms><user>mrbruno</user><size>26</size><l>1</l><datetime>Aug  4  2017</datetime></row><row><group>mrbruno</group><name>extraDrivePath.txt</name><perms>-rw-r--r--</perms><user>mrbruno</user><size>27</size><l>1</l><datetime>Nov  5  2017</datetime></row><row><group>mrbruno</group><name>fun -&gt; repos/fun</name><perms>lrwxrwxrwx</perms><user>mrbruno</user><size>9</size><l>1</l><datetime>Jun 29 08:45</datetime></row><row><group>mrbruno</group><name>git-personal_access_token.txt</name><perms>-r--------</perms><user>mrbruno</user><size>41</size><l>1</l><datetime>Aug  5  2017</datetime></row><row><group>mrbruno</group><name>hexchat-scripts</name><perms>drwxr-xr-x</perms><user>mrbruno</user><size>4096</size><l>2</l><datetime>Mar  2 16:01</datetime></row><row><group>mrbruno</group><name>misc</name><perms>drwxr-xr-x</perms><user>mrbruno</user><size>4096</size><l>2</l><datetime>Feb 17 07:21</datetime></row><row><group>mrbruno</group><name>Music -&gt; /home/mrbruno/extra/Music</name><perms>lrwxrwxrwx</perms><user>mrbruno</user><size>25</size><l>1</l><datetime>Aug  4  2017</datetime></row><row><group>mrbruno</group><name>nohup.out</name><perms>-rw-------</perms><user>mrbruno</user><size>45</size><l>1</l><datetime>Feb 24  2018</datetime></row><row><group>mrbruno</group><name>Pictures -&gt; /home/mrbruno/extra/Pictures</name><perms>lrwxrwxrwx</perms><user>mrbruno</user><size>28</size><l>1</l><datetime>Aug  4  2017</datetime></row><row><group>mrbruno</group><name>pinger</name><perms>drwxr-xr-x</perms><user>mrbruno</user><size>24576</size><l>2</l><datetime>Apr 21 00:00</datetime></row><row><group>mrbruno</group><name>Public</name><perms>drwxr-xr-x</perms><user>mrbruno</user><size>4096</size><l>2</l><datetime>Aug  4  2017</datetime></row><row><group>mrbruno</group><name>python -&gt; /home/mrbruno/repos/fun</name><perms>lrwxrwxrwx</perms><user>mrbruno</user><size>23</size><l>1</l><datetime>Jun 29 08:44</datetime></row><row><group>mrbruno</group><name>repos -&gt; /home/mrbruno/extra/repos</name><perms>lrwxrwxrwx</perms><user>mrbruno</user><size>25</size><l>1</l><datetime>Jun 29 08:40</datetime></row><row><group>mrbruno</group><name>Screenshot from 2018-07-17 05-46-03.png</name><perms>-rw-rw-r--</perms><user>mrbruno</user><size>269322</size><l>1</l><datetime>Jul 17  2018</datetime></row><row><group>mrbruno</group><name>Screenshot from 2018-09-14 15-06-56.png</name><perms>-rw-rw-r--</perms><user>mrbruno</user><size>49616</size><l>1</l><datetime>Sep 14  2018</datetime></row><row><group>mrbruno</group><name>snap</name><perms>drwxr-xr-x</perms><user>mrbruno</user><size>4096</size><l>6</l><datetime>Jun 15 07:47</datetime></row><row><group>mrbruno</group><name>tarballs -&gt; /home/mrbruno/extra/tarballs</name><perms>lrwxrwxrwx</perms><user>mrbruno</user><size>28</size><l>1</l><datetime>Aug  5  2017</datetime></row><row><group>mrbruno</group><name>Templates</name><perms>drwxr-xr-x</perms><user>mrbruno</user><size>4096</size><l>2</l><datetime>Aug  4  2017</datetime></row><row><group>mrbruno</group><name>tmp -&gt; /home/mrbruno/extra/tmp</name><perms>lrwxrwxrwx</perms><user>mrbruno</user><size>23</size><l>1</l><datetime>Aug  4  2017</datetime></row><row><group>mrbruno</group><name>toys -&gt; repos/toys</name><perms>lrwxrwxrwx</perms><user>mrbruno</user><size>10</size><l>1</l><datetime>Jun 29 08:42</datetime></row><row><group>mrbruno</group><name>Videos -&gt; /home/mrbruno/extra/Videos</name><perms>lrwxrwxrwx</perms><user>mrbruno</user><size>26</size><l>1</l><datetime>Aug  4  2017</datetime></row><row><group>mrbruno</group><name>VirtualBox VMs</name><perms>drwxrwxr-x</perms><user>mrbruno</user><size>4096</size><l>3</l><datetime>Jun  8 08:19</datetime></row><row><group>mrbruno</group><name>Webcam</name><perms>drwxrwxr-x</perms><user>mrbruno</user><size>4096</size><l>2</l><datetime>Nov 19  2017</datetime></row></table>
