<table><row><col00000000>perms</col00000000><col00000001>l</col00000001><col00000002>user</col00000002><col00000003>group</col00000003><col00000004>size</col00000004><col00000005>datetime</col00000005><col00000006>name</col00000006></row><row><col00000000>lrwxrwxrwx</col00000000><col00000001>1</col00000001><col00000002>mrbruno</col00000002><col00000003>mrbruno</col00000003><col00000004>8</col00000004><col00000005>Jun 29 08:43</col00000005><col00000006>bin -&gt; toys/bin</col00000006></row><row><col00000000>lrwxrwxrwx</col00000000><col00000001>1</col00000001><col00000002>mrbruno</col00000002><col00000003>mrbruno</col00000003><col00000004>25</col00000004><col00000005>Aug 11  2017</col00000005><col00000006>bruno -&gt; /home/mrbruno/extra/bruno</col00000006></row><row><col00000000>drwxr-xr-x</col00000000><col00000001>2</col00000001><col00000002>mrbruno</col00000002><col00000003>mrbruno</col00000003><col00000004>4096</col00000004><col00000005>Jan 27  2018</col00000005><col00000006>Desktop</col00000006></row><row><col00000000>lrwxrwxrwx</col00000000><col00000001>1</col00000001><col00000002>mrbruno</col00000002><col00000003>mrbruno</col00000003><col00000004>29</col00000004><col00000005>Aug  4  2017</col00000005><col00000006>Documents -&gt; /home/mrbruno/extra/Documents</col00000006></row><row><col00000000>lrwxrwxrwx</col00000000><col00000001>1</col00000001><col00000002>mrbruno</col00000002><col00000003>mrbruno</col00000003><col00000004>9</col00000004><col00000005>Aug  4  2017</col00000005><col00000006>downloads -&gt; Downloads</col00000006></row><row><col00000000>lrwxrwxrwx</col00000000><col00000001>1</col00000001><col00000002>mrbruno</col00000002><col00000003>mrbruno</col00000003><col00000004>29</col00000004><col00000005>Aug  4  2017</col00000005><col00000006>Downloads -&gt; /home/mrbruno/extra/Downloads</col00000006></row><row><col00000000>drwxr-xr-x</col00000000><col00000001>2</col00000001><col00000002>mrbruno</col00000002><col00000003>mrbruno</col00000003><col00000004>4096</col00000004><col00000005>Jun 14 16:56</col00000005><col00000006>drive-download-20190614T205316Z-001</col00000006></row><row><col00000000>-rw-r--r--</col00000000><col00000001>1</col00000001><col00000002>mrbruno</col00000002><col00000003>mrbruno</col00000003><col00000004>8980</col00000004><col00000005>Aug  4  2017</col00000005><col00000006>examples.desktop</col00000006></row><row><col00000000>lrwxrwxrwx</col00000000><col00000001>1</col00000001><col00000002>mrbruno</col00000002><col00000003>mrbruno</col00000003><col00000004>26</col00000004><col00000005>Aug  4  2017</col00000005><col00000006>extra -&gt; /media/mrbruno/ExtraDrive1</col00000006></row><row><col00000000>-rw-r--r--</col00000000><col00000001>1</col00000001><col00000002>mrbruno</col00000002><col00000003>mrbruno</col00000003><col00000004>27</col00000004><col00000005>Nov  5  2017</col00000005><col00000006>extraDrivePath.txt</col00000006></row><row><col00000000>lrwxrwxrwx</col00000000><col00000001>1</col00000001><col00000002>mrbruno</col00000002><col00000003>mrbruno</col00000003><col00000004>9</col00000004><col00000005>Jun 29 08:45</col00000005><col00000006>fun -&gt; repos/fun</col00000006></row><row><col00000000>-r--------</col00000000><col00000001>1</col00000001><col00000002>mrbruno</col00000002><col00000003>mrbruno</col00000003><col00000004>41</col00000004><col00000005>Aug  5  2017</col00000005><col00000006>git-personal_access_token.txt</col00000006></row><row><col00000000>drwxr-xr-x</col00000000><col00000001>2</col00000001><col00000002>mrbruno</col00000002><col00000003>mrbruno</col00000003><col00000004>4096</col00000004><col00000005>Mar  2 16:01</col00000005><col00000006>hexchat-scripts</col00000006></row><row><col00000000>drwxr-xr-x</col00000000><col00000001>2</col00000001><col00000002>mrbruno</col00000002><col00000003>mrbruno</col00000003><col00000004>4096</col00000004><col00000005>Feb 17 07:21</col00000005><col00000006>misc</col00000006></row><row><col00000000>lrwxrwxrwx</col00000000><col00000001>1</col00000001><col00000002>mrbruno</col00000002><col00000003>mrbruno</col00000003><col00000004>25</col00000004><col00000005>Aug  4  2017</col00000005><col00000006>Music -&gt; /home/mrbruno/extra/Music</col00000006></row><row><col00000000>-rw-------</col00000000><col00000001>1</col00000001><col00000002>mrbruno</col00000002><col00000003>mrbruno</col00000003><col00000004>45</col00000004><col00000005>Feb 24  2018</col00000005><col00000006>nohup.out</col00000006></row><row><col00000000>lrwxrwxrwx</col00000000><col00000001>1</col00000001><col00000002>mrbruno</col00000002><col00000003>mrbruno</col00000003><col00000004>28</col00000004><col00000005>Aug  4  2017</col00000005><col00000006>Pictures -&gt; /home/mrbruno/extra/Pictures</col00000006></row><row><col00000000>drwxr-xr-x</col00000000><col00000001>2</col00000001><col00000002>mrbruno</col00000002><col00000003>mrbruno</col00000003><col00000004>24576</col00000004><col00000005>Apr 21 00:00</col00000005><col00000006>pinger</col00000006></row><row><col00000000>drwxr-xr-x</col00000000><col00000001>2</col00000001><col00000002>mrbruno</col00000002><col00000003>mrbruno</col00000003><col00000004>4096</col00000004><col00000005>Aug  4  2017</col00000005><col00000006>Public</col00000006></row><row><col00000000>lrwxrwxrwx</col00000000><col00000001>1</col00000001><col00000002>mrbruno</col00000002><col00000003>mrbruno</col00000003><col00000004>23</col00000004><col00000005>Jun 29 08:44</col00000005><col00000006>python -&gt; /home/mrbruno/repos/fun</col00000006></row><row><col00000000>lrwxrwxrwx</col00000000><col00000001>1</col00000001><col00000002>mrbruno</col00000002><col00000003>mrbruno</col00000003><col00000004>25</col00000004><col00000005>Jun 29 08:40</col00000005><col00000006>repos -&gt; /home/mrbruno/extra/repos</col00000006></row><row><col00000000>-rw-rw-r--</col00000000><col00000001>1</col00000001><col00000002>mrbruno</col00000002><col00000003>mrbruno</col00000003><col00000004>269322</col00000004><col00000005>Jul 17  2018</col00000005><col00000006>Screenshot from 2018-07-17 05-46-03.png</col00000006></row><row><col00000000>-rw-rw-r--</col00000000><col00000001>1</col00000001><col00000002>mrbruno</col00000002><col00000003>mrbruno</col00000003><col00000004>49616</col00000004><col00000005>Sep 14  2018</col00000005><col00000006>Screenshot from 2018-09-14 15-06-56.png</col00000006></row><row><col00000000>drwxr-xr-x</col00000000><col00000001>6</col00000001><col00000002>mrbruno</col00000002><col00000003>mrbruno</col00000003><col00000004>4096</col00000004><col00000005>Jun 15 07:47</col00000005><col00000006>snap</col00000006></row><row><col00000000>lrwxrwxrwx</col00000000><col00000001>1</col00000001><col00000002>mrbruno</col00000002><col00000003>mrbruno</col00000003><col00000004>28</col00000004><col00000005>Aug  5  2017</col00000005><col00000006>tarballs -&gt; /home/mrbruno/extra/tarballs</col00000006></row><row><col00000000>drwxr-xr-x</col00000000><col00000001>2</col00000001><col00000002>mrbruno</col00000002><col00000003>mrbruno</col00000003><col00000004>4096</col00000004><col00000005>Aug  4  2017</col00000005><col00000006>Templates</col00000006></row><row><col00000000>lrwxrwxrwx</col00000000><col00000001>1</col00000001><col00000002>mrbruno</col00000002><col00000003>mrbruno</col00000003><col00000004>23</col00000004><col00000005>Aug  4  2017</col00000005><col00000006>tmp -&gt; /home/mrbruno/extra/tmp</col00000006></row><row><col00000000>lrwxrwxrwx</col00000000><col00000001>1</col00000001><col00000002>mrbruno</col00000002><col00000003>mrbruno</col00000003><col00000004>10</col00000004><col00000005>Jun 29 08:42</col00000005><col00000006>toys -&gt; repos/toys</col00000006></row><row><col00000000>lrwxrwxrwx</col00000000><col00000001>1</col00000001><col00000002>mrbruno</col00000002><col00000003>mrbruno</col00000003><col00000004>26</col00000004><col00000005>Aug  4  2017</col00000005><col00000006>Videos -&gt; /home/mrbruno/extra/Videos</col00000006></row><row><col00000000>drwxrwxr-x</col00000000><col00000001>3</col00000001><col00000002>mrbruno</col00000002><col00000003>mrbruno</col00000003><col00000004>4096</col00000004><col00000005>Jun  8 08:19</col00000005><col00000006>VirtualBox VMs</col00000006></row><row><col00000000>drwxrwxr-x</col00000000><col00000001>2</col00000001><col00000002>mrbruno</col00000002><col00000003>mrbruno</col00000003><col00000004>4096</col00000004><col00000005>Nov 19  2017</col00000005><col00000006>Webcam</col00000006></row></table>
