<table><row><Available>8133736</Available><Use_>0%</Use_><Used>0</Used><Filesystem>udev</Filesystem><_1K_blocks>8133736</_1K_blocks><Mounted_on>/dev</Mounted_on></row><row><Available>1629424</Available><Use_>1%</Use_><Used>2156</Used><Filesystem>tmpfs</Filesystem><_1K_blocks>1631580</_1K_blocks><Mounted_on>/run</Mounted_on></row><row><Available>145185244</Available><Use_>36%</Use_><Used>78900724</Used><Filesystem>/dev/sdb2</Filesystem><_1K_blocks>236102400</_1K_blocks><Mounted_on>/</Mounted_on></row><row><Available>7987532</Available><Use_>3%</Use_><Used>170352</Used><Filesystem>tmpfs</Filesystem><_1K_blocks>8157884</_1K_blocks><Mounted_on>/dev/shm</Mounted_on></row><row><Available>5116</Available><Use_>1%</Use_><Used>4</Used><Filesystem>tmpfs</Filesystem><_1K_blocks>5120</_1K_blocks><Mounted_on>/run/lock</Mounted_on></row><row><Available>8157884</Available><Use_>0%</Use_><Used>0</Used><Filesystem>tmpfs</Filesystem><_1K_blocks>8157884</_1K_blocks><Mounted_on>/sys/fs/cgroup</Mounted_on></row><row><Available>0</Available><Use_>100%</Use_><Used>304256</Used><Filesystem>/dev/loop0</Filesystem><_1K_blocks>304256</_1K_blocks><Mounted_on>/snap/pycharm-community/128</Mounted_on></row><row><Available>0</Available><Use_>100%</Use_><Used>304256</Used><Filesystem>/dev/loop1</Filesystem><_1K_blocks>304256</_1K_blocks><Mounted_on>/snap/pycharm-community/132</Mounted_on></row><row><Available>0</Available><Use_>100%</Use_><Used>8704</Used><Filesystem>/dev/loop2</Filesystem><_1K_blocks>8704</_1K_blocks><Mounted_on>/snap/canonical-livepatch/77</Mounted_on></row><row><Available>0</Available><Use_>100%</Use_><Used>147840</Used><Filesystem>/dev/loop3</Filesystem><_1K_blocks>147840</_1K_blocks><Mounted_on>/snap/skype/63</Mounted_on></row><row><Available>0</Available><Use_>100%</Use_><Used>150912</Used><Filesystem>/dev/loop4</Filesystem><_1K_blocks>150912</_1K_blocks><Mounted_on>/snap/skype/66</Mounted_on></row><row><Available>0</Available><Use_>100%</Use_><Used>90624</Used><Filesystem>/dev/loop5</Filesystem><_1K_blocks>90624</_1K_blocks><Mounted_on>/snap/core/7270</Mounted_on></row><row><Available>0</Available><Use_>100%</Use_><Used>145280</Used><Filesystem>/dev/loop6</Filesystem><_1K_blocks>145280</_1K_blocks><Mounted_on>/snap/skype/60</Mounted_on></row><row><Available>0</Available><Use_>100%</Use_><Used>8704</Used><Filesystem>/dev/loop8</Filesystem><_1K_blocks>8704</_1K_blocks><Mounted_on>/snap/canonical-livepatch/81</Mounted_on></row><row><Available>0</Available><Use_>100%</Use_><Used>90624</Used><Filesystem>/dev/loop7</Filesystem><_1K_blocks>90624</_1K_blocks><Mounted_on>/snap/core/7169</Mounted_on></row><row><Available>1833563952</Available><Use_>5%</Use_><Used>89147392</Used><Filesystem>/dev/sda1</Filesystem><_1K_blocks>1922727728</_1K_blocks><Mounted_on>/media/mrbruno/ExtraDrive1</Mounted_on></row><row><Available>1631560</Available><Use_>1%</Use_><Used>16</Used><Filesystem>tmpfs</Filesystem><_1K_blocks>1631576</_1K_blocks><Mounted_on>/run/user/125</Mounted_on></row><row><Available>1631516</Available><Use_>1%</Use_><Used>60</Used><Filesystem>tmpfs</Filesystem><_1K_blocks>1631576</_1K_blocks><Mounted_on>/run/user/1000</Mounted_on></row></table>
