1K-blocks  Available  Filesystem Mounted on                   Use% Used
8133736    8133736    udev       /dev                         0%   0
1631580    1629424    tmpfs      /run                         1%   2156
236102400  145185244  /dev/sdb2  /                            36%  78900724
8157884    7987532    tmpfs      /dev/shm                     3%   170352
5120       5116       tmpfs      /run/lock                    1%   4
8157884    8157884    tmpfs      /sys/fs/cgroup               0%   0
304256     0          /dev/loop0 /snap/pycharm-community/128  100% 304256
304256     0          /dev/loop1 /snap/pycharm-community/132  100% 304256
8704       0          /dev/loop2 /snap/canonical-livepatch/77 100% 8704
147840     0          /dev/loop3 /snap/skype/63               100% 147840
150912     0          /dev/loop4 /snap/skype/66               100% 150912
90624      0          /dev/loop5 /snap/core/7270              100% 90624
145280     0          /dev/loop6 /snap/skype/60               100% 145280
8704       0          /dev/loop8 /snap/canonical-livepatch/81 100% 8704
90624      0          /dev/loop7 /snap/core/7169              100% 90624
1922727728 1833563952 /dev/sda1  /media/mrbruno/ExtraDrive1   5%   89147392
1631576    1631560    tmpfs      /run/user/125                1%   16
1631576    1631516    tmpfs      /run/user/1000               1%   60
