perms      l user    group   size   datetime     name
lrwxrwxrwx 1 mrbruno mrbruno 8      Jun 29 08:43 bin -> toys/bin
lrwxrwxrwx 1 mrbruno mrbruno 25     Aug 11  2017 bruno -> /home/mrbruno/extra/bruno
drwxr-xr-x 2 mrbruno mrbruno 4096   Jan 27  2018 Desktop
lrwxrwxrwx 1 mrbruno mrbruno 29     Aug  4  2017 Documents -> /home/mrbruno/extra/Documents
lrwxrwxrwx 1 mrbruno mrbruno 9      Aug  4  2017 downloads -> Downloads
lrwxrwxrwx 1 mrbruno mrbruno 29     Aug  4  2017 Downloads -> /home/mrbruno/extra/Downloads
drwxr-xr-x 2 mrbruno mrbruno 4096   Jun 14 16:56 drive-download-20190614T205316Z-001
-rw-r--r-- 1 mrbruno mrbruno 8980   Aug  4  2017 examples.desktop
lrwxrwxrwx 1 mrbruno mrbruno 26     Aug  4  2017 extra -> /media/mrbruno/ExtraDrive1
-rw-r--r-- 1 mrbruno mrbruno 27     Nov  5  2017 extraDrivePath.txt
lrwxrwxrwx 1 mrbruno mrbruno 9      Jun 29 08:45 fun -> repos/fun
-r-------- 1 mrbruno mrbruno 41     Aug  5  2017 git-personal_access_token.txt
drwxr-xr-x 2 mrbruno mrbruno 4096   Mar  2 16:01 hexchat-scripts
drwxr-xr-x 2 mrbruno mrbruno 4096   Feb 17 07:21 misc
lrwxrwxrwx 1 mrbruno mrbruno 25     Aug  4  2017 Music -> /home/mrbruno/extra/Music
-rw------- 1 mrbruno mrbruno 45     Feb 24  2018 nohup.out
lrwxrwxrwx 1 mrbruno mrbruno 28     Aug  4  2017 Pictures -> /home/mrbruno/extra/Pictures
drwxr-xr-x 2 mrbruno mrbruno 24576  Apr 21 00:00 pinger
drwxr-xr-x 2 mrbruno mrbruno 4096   Aug  4  2017 Public
lrwxrwxrwx 1 mrbruno mrbruno 23     Jun 29 08:44 python -> /home/mrbruno/repos/fun
lrwxrwxrwx 1 mrbruno mrbruno 25     Jun 29 08:40 repos -> /home/mrbruno/extra/repos
-rw-rw-r-- 1 mrbruno mrbruno 269322 Jul 17  2018 Screenshot from 2018-07-17 05-46-03.png
-rw-rw-r-- 1 mrbruno mrbruno 49616  Sep 14  2018 Screenshot from 2018-09-14 15-06-56.png
drwxr-xr-x 6 mrbruno mrbruno 4096   Jun 15 07:47 snap
lrwxrwxrwx 1 mrbruno mrbruno 28     Aug  5  2017 tarballs -> /home/mrbruno/extra/tarballs
drwxr-xr-x 2 mrbruno mrbruno 4096   Aug  4  2017 Templates
lrwxrwxrwx 1 mrbruno mrbruno 23     Aug  4  2017 tmp -> /home/mrbruno/extra/tmp
lrwxrwxrwx 1 mrbruno mrbruno 10     Jun 29 08:42 toys -> repos/toys
lrwxrwxrwx 1 mrbruno mrbruno 26     Aug  4  2017 Videos -> /home/mrbruno/extra/Videos
drwxrwxr-x 3 mrbruno mrbruno 4096   Jun  8 08:19 VirtualBox VMs
drwxrwxr-x 2 mrbruno mrbruno 4096   Nov 19  2017 Webcam
