| Available | Filesystem | Mounted_on | Use_ | Used | _1K_blocks |
| - | - | - | - | - | - |
| 8133736 | udev | /dev | 0% | 0 | 8133736 |
| 1629424 | tmpfs | /run | 1% | 2156 | 1631580 |
| 145185244 | /dev/sdb2 | / | 36% | 78900724 | 236102400 |
| 7987532 | tmpfs | /dev/shm | 3% | 170352 | 8157884 |
| 5116 | tmpfs | /run/lock | 1% | 4 | 5120 |
| 8157884 | tmpfs | /sys/fs/cgroup | 0% | 0 | 8157884 |
| 0 | /dev/loop0 | /snap/pycharm-community/128 | 100% | 304256 | 304256 |
| 0 | /dev/loop1 | /snap/pycharm-community/132 | 100% | 304256 | 304256 |
| 0 | /dev/loop2 | /snap/canonical-livepatch/77 | 100% | 8704 | 8704 |
| 0 | /dev/loop3 | /snap/skype/63 | 100% | 147840 | 147840 |
| 0 | /dev/loop4 | /snap/skype/66 | 100% | 150912 | 150912 |
| 0 | /dev/loop5 | /snap/core/7270 | 100% | 90624 | 90624 |
| 0 | /dev/loop6 | /snap/skype/60 | 100% | 145280 | 145280 |
| 0 | /dev/loop8 | /snap/canonical-livepatch/81 | 100% | 8704 | 8704 |
| 0 | /dev/loop7 | /snap/core/7169 | 100% | 90624 | 90624 |
| 1833563952 | /dev/sda1 | /media/mrbruno/ExtraDrive1 | 5% | 89147392 | 1922727728 |
| 1631560 | tmpfs | /run/user/125 | 1% | 16 | 1631576 |
| 1631516 | tmpfs | /run/user/1000 | 1% | 60 | 1631576 |
