| col00000000 | col00000001 | col00000002 | col00000003 | col00000004 | col00000005 |
| - | - | - | - | - | - |
| Filesystem | 1K-blocks | Used | Available | Use% | Mounted on |
| udev | 8133736 | 0 | 8133736 | 0% | /dev |
| tmpfs | 1631580 | 2156 | 1629424 | 1% | /run |
| /dev/sdb2 | 236102400 | 78900724 | 145185244 | 36% | / |
| tmpfs | 8157884 | 170352 | 7987532 | 3% | /dev/shm |
| tmpfs | 5120 | 4 | 5116 | 1% | /run/lock |
| tmpfs | 8157884 | 0 | 8157884 | 0% | /sys/fs/cgroup |
| /dev/loop0 | 304256 | 304256 | 0 | 100% | /snap/pycharm-community/128 |
| /dev/loop1 | 304256 | 304256 | 0 | 100% | /snap/pycharm-community/132 |
| /dev/loop2 | 8704 | 8704 | 0 | 100% | /snap/canonical-livepatch/77 |
| /dev/loop3 | 147840 | 147840 | 0 | 100% | /snap/skype/63 |
| /dev/loop4 | 150912 | 150912 | 0 | 100% | /snap/skype/66 |
| /dev/loop5 | 90624 | 90624 | 0 | 100% | /snap/core/7270 |
| /dev/loop6 | 145280 | 145280 | 0 | 100% | /snap/skype/60 |
| /dev/loop8 | 8704 | 8704 | 0 | 100% | /snap/canonical-livepatch/81 |
| /dev/loop7 | 90624 | 90624 | 0 | 100% | /snap/core/7169 |
| /dev/sda1 | 1922727728 | 89147392 | 1833563952 | 5% | /media/mrbruno/ExtraDrive1 |
| tmpfs | 1631576 | 16 | 1631560 | 1% | /run/user/125 |
| tmpfs | 1631576 | 60 | 1631516 | 1% | /run/user/1000 |
