<table>
<tbody>
<tr><th>Filesystem</th><th>1K-blocks</th><th>Used</th><th>Available</th><th>Use%</th><th>Mounted on</th></tr>
<tr><td>udev</td><td>8133736</td><td>0</td><td>8133736</td><td>0%</td><td>/dev</td></tr>
<tr><td>tmpfs</td><td>1631580</td><td>2156</td><td>1629424</td><td>1%</td><td>/run</td></tr>
<tr><td>/dev/sdb2</td><td>236102400</td><td>78900724</td><td>145185244</td><td>36%</td><td>/</td></tr>
<tr><td>tmpfs</td><td>8157884</td><td>170352</td><td>7987532</td><td>3%</td><td>/dev/shm</td></tr>
<tr><td>tmpfs</td><td>5120</td><td>4</td><td>5116</td><td>1%</td><td>/run/lock</td></tr>
<tr><td>tmpfs</td><td>8157884</td><td>0</td><td>8157884</td><td>0%</td><td>/sys/fs/cgroup</td></tr>
<tr><td>/dev/loop0</td><td>304256</td><td>304256</td><td>0</td><td>100%</td><td>/snap/pycharm-community/128</td></tr>
<tr><td>/dev/loop1</td><td>304256</td><td>304256</td><td>0</td><td>100%</td><td>/snap/pycharm-community/132</td></tr>
<tr><td>/dev/loop2</td><td>8704</td><td>8704</td><td>0</td><td>100%</td><td>/snap/canonical-livepatch/77</td></tr>
<tr><td>/dev/loop3</td><td>147840</td><td>147840</td><td>0</td><td>100%</td><td>/snap/skype/63</td></tr>
<tr><td>/dev/loop4</td><td>150912</td><td>150912</td><td>0</td><td>100%</td><td>/snap/skype/66</td></tr>
<tr><td>/dev/loop5</td><td>90624</td><td>90624</td><td>0</td><td>100%</td><td>/snap/core/7270</td></tr>
<tr><td>/dev/loop6</td><td>145280</td><td>145280</td><td>0</td><td>100%</td><td>/snap/skype/60</td></tr>
<tr><td>/dev/loop8</td><td>8704</td><td>8704</td><td>0</td><td>100%</td><td>/snap/canonical-livepatch/81</td></tr>
<tr><td>/dev/loop7</td><td>90624</td><td>90624</td><td>0</td><td>100%</td><td>/snap/core/7169</td></tr>
<tr><td>/dev/sda1</td><td>1922727728</td><td>89147392</td><td>1833563952</td><td>5%</td><td>/media/mrbruno/ExtraDrive1</td></tr>
<tr><td>tmpfs</td><td>1631576</td><td>16</td><td>1631560</td><td>1%</td><td>/run/user/125</td></tr>
<tr><td>tmpfs</td><td>1631576</td><td>60</td><td>1631516</td><td>1%</td><td>/run/user/1000</td></tr>
</tbody>
</table>
